#0 building with "desktop-linux" instance using docker driver

#1 [internal] load build definition from Dockerfile
#1 transferring dockerfile: 521B 0.0s done
#1 DONE 0.1s

#2 [internal] load metadata for docker.io/library/python@sha256:78387bc3881b8273120a12ebe6c1ab22b018ccc2c9adf565ae1ac9b536e184ea
#2 ...

#3 [auth] library/python:pull token for registry-1.docker.io
#3 DONE 0.0s

#2 [internal] load metadata for docker.io/library/python@sha256:78387bc3881b8273120a12ebe6c1ab22b018ccc2c9adf565ae1ac9b536e184ea
#2 DONE 0.8s

#4 [internal] load .dockerignore
#4 transferring context: 2B done
#4 DONE 0.0s

#5 [1/5] FROM docker.io/library/python@sha256:78387bc3881b8273120a12ebe6c1ab22b018ccc2c9adf565ae1ac9b536e184ea
#5 resolve docker.io/library/python@sha256:78387bc3881b8273120a12ebe6c1ab22b018ccc2c9adf565ae1ac9b536e184ea 0.0s done
#5 CACHED

#6 [2/5] RUN apt-get update && apt-get install -y --no-install-recommends git && rm -rf /var/lib/apt/lists/*
#6 1.069 Get:1 http://deb.debian.org/debian trixie InRelease [140 kB]
#6 1.217 Get:2 http://deb.debian.org/debian trixie-updates InRelease [47.3 kB]
#6 1.255 Get:3 http://deb.debian.org/debian-security trixie-security InRelease [43.4 kB]
#6 1.289 Get:4 http://deb.debian.org/debian trixie/main amd64 Packages [9678 kB]
#6 2.038 Get:5 http://deb.debian.org/debian trixie-updates/main amd64 Packages [4412 B]
#6 2.062 Get:6 http://deb.debian.org/debian-security trixie-security/main amd64 Packages [262 kB]
#6 2.471 Fetched 10.2 MB in 2s (5231 kB/s)
#6 2.471 Reading package lists...
#6 2.818 Reading package lists...
#6 3.121 Building dependency tree...
#6 3.187 Reading state information...
#6 3.280 The following additional packages will be installed:
#6 3.280   git-man libbrotli1 libcom-err2 libcurl3t64-gnutls liberror-perl libexpat1
#6 3.280   libgdbm-compat4t64 libgnutls30t64 libgssapi-krb5-2 libidn2-0 libk5crypto3
#6 3.280   libkeyutils1 libkrb5-3 libkrb5support0 libldap2 libnghttp2-14 libnghttp3-9
#6 3.280   libngtcp2-16 libngtcp2-crypto-gnutls8 libp11-kit0 libperl5.40 libpsl5t64
#6 3.281   librtmp1 libsasl2-2 libsasl2-modules-db libssh2-1t64 libtasn1-6
#6 3.281   libunistring5 perl perl-base perl-modules-5.40
#6 3.281 Suggested packages:
#6 3.281   gettext-base git-doc git-email git-gui gitk gitweb git-cvs git-mediawiki
#6 3.281   git-svn gnutls-bin krb5-doc krb5-user sensible-utils perl-doc
#6 3.281   libterm-readline-gnu-perl | libterm-readline-perl-perl make
#6 3.281   libtap-harness-archive-perl
#6 3.281 Recommended packages:
#6 3.281   patch less ssh-client krb5-locales libldap-common publicsuffix
#6 3.281   libsasl2-modules
#6 3.395 The following NEW packages will be installed:
#6 3.395   git git-man libbrotli1 libcom-err2 libcurl3t64-gnutls liberror-perl
#6 3.395   libexpat1 libgdbm-compat4t64 libgnutls30t64 libgssapi-krb5-2 libidn2-0
#6 3.395   libk5crypto3 libkeyutils1 libkrb5-3 libkrb5support0 libldap2 libnghttp2-14
#6 3.395   libnghttp3-9 libngtcp2-16 libngtcp2-crypto-gnutls8 libp11-kit0 libperl5.40
#6 3.395   libpsl5t64 librtmp1 libsasl2-2 libsasl2-modules-db libssh2-1t64 libtasn1-6
#6 3.395   libunistring5 perl perl-modules-5.40
#6 3.396 The following packages will be upgraded:
#6 3.397   perl-base
#6 3.468 1 upgraded, 31 newly installed, 0 to remove and 11 not upgraded.
#6 3.468 Need to get 25.3 MB of archives.
#6 3.468 After this operation, 119 MB of additional disk space will be used.
#6 3.468 Get:1 http://deb.debian.org/debian trixie/main amd64 perl-base amd64 5.40.1-6+deb13u1 [1666 kB]
#6 3.658 Get:2 http://deb.debian.org/debian trixie/main amd64 libexpat1 amd64 2.8.3-1~deb13u1 [123 kB]
#6 3.663 Get:3 http://deb.debian.org/debian trixie/main amd64 perl-modules-5.40 all 5.40.1-6+deb13u1 [3014 kB]
#6 3.844 Get:4 http://deb.debian.org/debian trixie/main amd64 libgdbm-compat4t64 amd64 1.24-2 [50.3 kB]
#6 3.847 Get:5 http://deb.debian.org/debian trixie/main amd64 libperl5.40 amd64 5.40.1-6+deb13u1 [4326 kB]
#6 4.143 Get:6 http://deb.debian.org/debian trixie/main amd64 perl amd64 5.40.1-6+deb13u1 [268 kB]
#6 4.160 Get:7 http://deb.debian.org/debian trixie/main amd64 libbrotli1 amd64 1.1.0-2+b7 [307 kB]
#6 4.179 Get:8 http://deb.debian.org/debian trixie/main amd64 libunistring5 amd64 1.3-2 [477 kB]
#6 4.210 Get:9 http://deb.debian.org/debian trixie/main amd64 libidn2-0 amd64 2.3.8-2 [109 kB]
#6 4.215 Get:10 http://deb.debian.org/debian trixie/main amd64 libp11-kit0 amd64 0.25.5-3 [425 kB]
#6 4.244 Get:11 http://deb.debian.org/debian trixie/main amd64 libtasn1-6 amd64 4.20.0-2+deb13u1 [50.1 kB]
#6 4.248 Get:12 http://deb.debian.org/debian trixie/main amd64 libgnutls30t64 amd64 3.8.9-3+deb13u4 [1469 kB]
#6 4.348 Get:13 http://deb.debian.org/debian trixie/main amd64 libkrb5support0 amd64 1.21.3-5+deb13u1 [33.1 kB]
#6 4.350 Get:14 http://deb.debian.org/debian trixie/main amd64 libcom-err2 amd64 1.47.2-3+b12 [25.0 kB]
#6 4.352 Get:15 http://deb.debian.org/debian trixie/main amd64 libk5crypto3 amd64 1.21.3-5+deb13u1 [81.2 kB]
#6 4.357 Get:16 http://deb.debian.org/debian trixie/main amd64 libkeyutils1 amd64 1.6.3-6 [9456 B]
#6 4.357 Get:17 http://deb.debian.org/debian trixie/main amd64 libkrb5-3 amd64 1.21.3-5+deb13u1 [326 kB]
#6 4.379 Get:18 http://deb.debian.org/debian trixie/main amd64 libgssapi-krb5-2 amd64 1.21.3-5+deb13u1 [138 kB]
#6 4.388 Get:19 http://deb.debian.org/debian trixie/main amd64 libsasl2-modules-db amd64 2.1.28+dfsg1-9 [19.8 kB]
#6 4.389 Get:20 http://deb.debian.org/debian trixie/main amd64 libsasl2-2 amd64 2.1.28+dfsg1-9 [57.5 kB]
#6 4.393 Get:21 http://deb.debian.org/debian trixie/main amd64 libldap2 amd64 2.6.10+dfsg-1 [194 kB]
#6 4.404 Get:22 http://deb.debian.org/debian trixie/main amd64 libnghttp2-14 amd64 1.64.0-1.1+deb13u1 [76.2 kB]
#6 4.409 Get:23 http://deb.debian.org/debian trixie/main amd64 libnghttp3-9 amd64 1.8.0-1 [67.7 kB]
#6 4.414 Get:24 http://deb.debian.org/debian trixie/main amd64 libngtcp2-16 amd64 1.11.0-1+deb13u1 [132 kB]
#6 4.423 Get:25 http://deb.debian.org/debian trixie/main amd64 libngtcp2-crypto-gnutls8 amd64 1.11.0-1+deb13u1 [29.5 kB]
#6 4.425 Get:26 http://deb.debian.org/debian trixie/main amd64 libpsl5t64 amd64 0.21.2-1.1+b1 [57.2 kB]
#6 4.429 Get:27 http://deb.debian.org/debian trixie/main amd64 librtmp1 amd64 2.4+20151223.gitfa8646d.1-2+b5 [58.8 kB]
#6 4.434 Get:28 http://deb.debian.org/debian trixie/main amd64 libssh2-1t64 amd64 1.11.1-1+deb13u2 [245 kB]
#6 4.451 Get:29 http://deb.debian.org/debian trixie/main amd64 libcurl3t64-gnutls amd64 8.14.1-2+deb13u5 [384 kB]
#6 4.476 Get:30 http://deb.debian.org/debian trixie/main amd64 liberror-perl all 0.17030-1 [26.9 kB]
#6 4.478 Get:31 http://deb.debian.org/debian trixie/main amd64 git-man all 1:2.47.3-0+deb13u1 [2205 kB]
#6 4.636 Get:32 http://deb.debian.org/debian trixie/main amd64 git amd64 1:2.47.3-0+deb13u1 [8862 kB]
#6 5.377 debconf: unable to initialize frontend: Dialog
#6 5.377 debconf: (TERM is not set, so the dialog frontend is not usable.)
#6 5.377 debconf: falling back to frontend: Readline
#6 5.377 debconf: unable to initialize frontend: Readline
#6 5.377 debconf: (Can't locate Term/ReadLine.pm in @INC (you may need to install the Term::ReadLine module) (@INC entries checked: /etc/perl /usr/local/lib/x86_64-linux-gnu/perl/5.40.1 /usr/local/share/perl/5.40.1 /usr/lib/x86_64-linux-gnu/perl5/5.40 /usr/share/perl5 /usr/lib/x86_64-linux-gnu/perl-base /usr/lib/x86_64-linux-gnu/perl/5.40 /usr/share/perl/5.40 /usr/local/lib/site_perl) at /usr/share/perl5/Debconf/FrontEnd/Readline.pm line 8, <STDIN> line 32.)
#6 5.377 debconf: falling back to frontend: Teletype
#6 5.380 debconf: unable to initialize frontend: Teletype
#6 5.380 debconf: (This frontend requires a controlling tty.)
#6 5.380 debconf: falling back to frontend: Noninteractive
#6 5.995 Fetched 25.3 MB in 2s (13.6 MB/s)
#6 6.015 (Reading database ... 
(Reading database ... 5%
(Reading database ... 10%
(Reading database ... 15%
(Reading database ... 20%
(Reading database ... 25%
(Reading database ... 30%
(Reading database ... 35%
(Reading database ... 40%
(Reading database ... 45%
(Reading database ... 50%
(Reading database ... 55%
(Reading database ... 60%
(Reading database ... 65%
(Reading database ... 70%
(Reading database ... 75%
(Reading database ... 80%
(Reading database ... 85%
(Reading database ... 90%
(Reading database ... 95%
(Reading database ... 100%
(Reading database ... 5652 files and directories currently installed.)
#6 6.035 Preparing to unpack .../perl-base_5.40.1-6+deb13u1_amd64.deb ...
#6 6.052 Unpacking perl-base (5.40.1-6+deb13u1) over (5.40.1-6) ...
#6 8.419 Setting up perl-base (5.40.1-6+deb13u1) ...
#6 8.477 Selecting previously unselected package libexpat1:amd64.
#6 8.477 (Reading database ... 
(Reading database ... 5%
(Reading database ... 10%
(Reading database ... 15%
(Reading database ... 20%
(Reading database ... 25%
(Reading database ... 30%
(Reading database ... 35%
(Reading database ... 40%
(Reading database ... 45%
(Reading database ... 50%
(Reading database ... 55%
(Reading database ... 60%
(Reading database ... 65%
(Reading database ... 70%
(Reading database ... 75%
(Reading database ... 80%
(Reading database ... 85%
(Reading database ... 90%
(Reading database ... 95%
(Reading database ... 100%
(Reading database ... 5653 files and directories currently installed.)
#6 8.478 Preparing to unpack .../00-libexpat1_2.8.3-1~deb13u1_amd64.deb ...
#6 8.493 Unpacking libexpat1:amd64 (2.8.3-1~deb13u1) ...
#6 8.533 Selecting previously unselected package perl-modules-5.40.
#6 8.534 Preparing to unpack .../01-perl-modules-5.40_5.40.1-6+deb13u1_all.deb ...
#6 8.540 Unpacking perl-modules-5.40 (5.40.1-6+deb13u1) ...
#6 8.858 Selecting previously unselected package libgdbm-compat4t64:amd64.
#6 8.859 Preparing to unpack .../02-libgdbm-compat4t64_1.24-2_amd64.deb ...
#6 8.865 Unpacking libgdbm-compat4t64:amd64 (1.24-2) ...
#6 8.913 Selecting previously unselected package libperl5.40:amd64.
#6 8.913 Preparing to unpack .../03-libperl5.40_5.40.1-6+deb13u1_amd64.deb ...
#6 8.919 Unpacking libperl5.40:amd64 (5.40.1-6+deb13u1) ...
#6 9.125 Selecting previously unselected package perl.
#6 9.125 Preparing to unpack .../04-perl_5.40.1-6+deb13u1_amd64.deb ...
#6 9.132 Unpacking perl (5.40.1-6+deb13u1) ...
#6 9.189 Selecting previously unselected package libbrotli1:amd64.
#6 9.189 Preparing to unpack .../05-libbrotli1_1.1.0-2+b7_amd64.deb ...
#6 9.196 Unpacking libbrotli1:amd64 (1.1.0-2+b7) ...
#6 9.251 Selecting previously unselected package libunistring5:amd64.
#6 9.252 Preparing to unpack .../06-libunistring5_1.3-2_amd64.deb ...
#6 9.259 Unpacking libunistring5:amd64 (1.3-2) ...
#6 9.318 Selecting previously unselected package libidn2-0:amd64.
#6 9.319 Preparing to unpack .../07-libidn2-0_2.3.8-2_amd64.deb ...
#6 9.326 Unpacking libidn2-0:amd64 (2.3.8-2) ...
#6 9.377 Selecting previously unselected package libp11-kit0:amd64.
#6 9.377 Preparing to unpack .../08-libp11-kit0_0.25.5-3_amd64.deb ...
#6 9.384 Unpacking libp11-kit0:amd64 (0.25.5-3) ...
#6 9.438 Selecting previously unselected package libtasn1-6:amd64.
#6 9.439 Preparing to unpack .../09-libtasn1-6_4.20.0-2+deb13u1_amd64.deb ...
#6 9.446 Unpacking libtasn1-6:amd64 (4.20.0-2+deb13u1) ...
#6 9.493 Selecting previously unselected package libgnutls30t64:amd64.
#6 9.494 Preparing to unpack .../10-libgnutls30t64_3.8.9-3+deb13u4_amd64.deb ...
#6 9.500 Unpacking libgnutls30t64:amd64 (3.8.9-3+deb13u4) ...
#6 9.570 Selecting previously unselected package libkrb5support0:amd64.
#6 9.571 Preparing to unpack .../11-libkrb5support0_1.21.3-5+deb13u1_amd64.deb ...
#6 9.578 Unpacking libkrb5support0:amd64 (1.21.3-5+deb13u1) ...
#6 9.625 Selecting previously unselected package libcom-err2:amd64.
#6 9.625 Preparing to unpack .../12-libcom-err2_1.47.2-3+b12_amd64.deb ...
#6 9.632 Unpacking libcom-err2:amd64 (1.47.2-3+b12) ...
#6 9.678 Selecting previously unselected package libk5crypto3:amd64.
#6 9.679 Preparing to unpack .../13-libk5crypto3_1.21.3-5+deb13u1_amd64.deb ...
#6 9.686 Unpacking libk5crypto3:amd64 (1.21.3-5+deb13u1) ...
#6 9.735 Selecting previously unselected package libkeyutils1:amd64.
#6 9.736 Preparing to unpack .../14-libkeyutils1_1.6.3-6_amd64.deb ...
#6 9.742 Unpacking libkeyutils1:amd64 (1.6.3-6) ...
#6 9.787 Selecting previously unselected package libkrb5-3:amd64.
#6 9.787 Preparing to unpack .../15-libkrb5-3_1.21.3-5+deb13u1_amd64.deb ...
#6 9.794 Unpacking libkrb5-3:amd64 (1.21.3-5+deb13u1) ...
#6 9.858 Selecting previously unselected package libgssapi-krb5-2:amd64.
#6 9.858 Preparing to unpack .../16-libgssapi-krb5-2_1.21.3-5+deb13u1_amd64.deb ...
#6 9.865 Unpacking libgssapi-krb5-2:amd64 (1.21.3-5+deb13u1) ...
#6 9.902 Selecting previously unselected package libsasl2-modules-db:amd64.
#6 9.903 Preparing to unpack .../17-libsasl2-modules-db_2.1.28+dfsg1-9_amd64.deb ...
#6 9.910 Unpacking libsasl2-modules-db:amd64 (2.1.28+dfsg1-9) ...
#6 9.953 Selecting previously unselected package libsasl2-2:amd64.
#6 9.954 Preparing to unpack .../18-libsasl2-2_2.1.28+dfsg1-9_amd64.deb ...
#6 9.960 Unpacking libsasl2-2:amd64 (2.1.28+dfsg1-9) ...
#6 10.01 Selecting previously unselected package libldap2:amd64.
#6 10.01 Preparing to unpack .../19-libldap2_2.6.10+dfsg-1_amd64.deb ...
#6 10.01 Unpacking libldap2:amd64 (2.6.10+dfsg-1) ...
#6 10.06 Selecting previously unselected package libnghttp2-14:amd64.
#6 10.07 Preparing to unpack .../20-libnghttp2-14_1.64.0-1.1+deb13u1_amd64.deb ...
#6 10.07 Unpacking libnghttp2-14:amd64 (1.64.0-1.1+deb13u1) ...
#6 10.12 Selecting previously unselected package libnghttp3-9:amd64.
#6 10.12 Preparing to unpack .../21-libnghttp3-9_1.8.0-1_amd64.deb ...
#6 10.13 Unpacking libnghttp3-9:amd64 (1.8.0-1) ...
#6 10.17 Selecting previously unselected package libngtcp2-16:amd64.
#6 10.17 Preparing to unpack .../22-libngtcp2-16_1.11.0-1+deb13u1_amd64.deb ...
#6 10.18 Unpacking libngtcp2-16:amd64 (1.11.0-1+deb13u1) ...
#6 10.23 Selecting previously unselected package libngtcp2-crypto-gnutls8:amd64.
#6 10.23 Preparing to unpack .../23-libngtcp2-crypto-gnutls8_1.11.0-1+deb13u1_amd64.deb ...
#6 10.24 Unpacking libngtcp2-crypto-gnutls8:amd64 (1.11.0-1+deb13u1) ...
#6 10.28 Selecting previously unselected package libpsl5t64:amd64.
#6 10.29 Preparing to unpack .../24-libpsl5t64_0.21.2-1.1+b1_amd64.deb ...
#6 10.29 Unpacking libpsl5t64:amd64 (0.21.2-1.1+b1) ...
#6 10.34 Selecting previously unselected package librtmp1:amd64.
#6 10.34 Preparing to unpack .../25-librtmp1_2.4+20151223.gitfa8646d.1-2+b5_amd64.deb ...
#6 10.35 Unpacking librtmp1:amd64 (2.4+20151223.gitfa8646d.1-2+b5) ...
#6 10.39 Selecting previously unselected package libssh2-1t64:amd64.
#6 10.39 Preparing to unpack .../26-libssh2-1t64_1.11.1-1+deb13u2_amd64.deb ...
#6 10.40 Unpacking libssh2-1t64:amd64 (1.11.1-1+deb13u2) ...
#6 10.45 Selecting previously unselected package libcurl3t64-gnutls:amd64.
#6 10.45 Preparing to unpack .../27-libcurl3t64-gnutls_8.14.1-2+deb13u5_amd64.deb ...
#6 10.46 Unpacking libcurl3t64-gnutls:amd64 (8.14.1-2+deb13u5) ...
#6 10.50 Selecting previously unselected package liberror-perl.
#6 10.50 Preparing to unpack .../28-liberror-perl_0.17030-1_all.deb ...
#6 10.51 Unpacking liberror-perl (0.17030-1) ...
#6 10.54 Selecting previously unselected package git-man.
#6 10.55 Preparing to unpack .../29-git-man_1%3a2.47.3-0+deb13u1_all.deb ...
#6 10.55 Unpacking git-man (1:2.47.3-0+deb13u1) ...
#6 10.63 Selecting previously unselected package git.
#6 10.63 Preparing to unpack .../30-git_1%3a2.47.3-0+deb13u1_amd64.deb ...
#6 10.64 Unpacking git (1:2.47.3-0+deb13u1) ...
#6 10.89 Setting up libexpat1:amd64 (2.8.3-1~deb13u1) ...
#6 10.91 Setting up libkeyutils1:amd64 (1.6.3-6) ...
#6 10.94 Setting up libgdbm-compat4t64:amd64 (1.24-2) ...
#6 10.96 Setting up libbrotli1:amd64 (1.1.0-2+b7) ...
#6 10.98 Setting up libnghttp2-14:amd64 (1.64.0-1.1+deb13u1) ...
#6 10.99 Setting up libcom-err2:amd64 (1.47.2-3+b12) ...
#6 11.01 Setting up libkrb5support0:amd64 (1.21.3-5+deb13u1) ...
#6 11.03 Setting up libsasl2-modules-db:amd64 (2.1.28+dfsg1-9) ...
#6 11.05 Setting up libp11-kit0:amd64 (0.25.5-3) ...
#6 11.07 Setting up libunistring5:amd64 (1.3-2) ...
#6 11.09 Setting up libk5crypto3:amd64 (1.21.3-5+deb13u1) ...
#6 11.11 Setting up libsasl2-2:amd64 (2.1.28+dfsg1-9) ...
#6 11.12 Setting up libnghttp3-9:amd64 (1.8.0-1) ...
#6 11.14 Setting up perl-modules-5.40 (5.40.1-6+deb13u1) ...
#6 11.16 Setting up libtasn1-6:amd64 (4.20.0-2+deb13u1) ...
#6 11.18 Setting up git-man (1:2.47.3-0+deb13u1) ...
#6 11.20 Setting up libngtcp2-16:amd64 (1.11.0-1+deb13u1) ...
#6 11.22 Setting up libkrb5-3:amd64 (1.21.3-5+deb13u1) ...
#6 11.23 Setting up libssh2-1t64:amd64 (1.11.1-1+deb13u2) ...
#6 11.25 Setting up libldap2:amd64 (2.6.10+dfsg-1) ...
#6 11.27 Setting up libidn2-0:amd64 (2.3.8-2) ...
#6 11.29 Setting up libperl5.40:amd64 (5.40.1-6+deb13u1) ...
#6 11.31 Setting up perl (5.40.1-6+deb13u1) ...
#6 11.35 Setting up libgssapi-krb5-2:amd64 (1.21.3-5+deb13u1) ...
#6 11.37 Setting up libgnutls30t64:amd64 (3.8.9-3+deb13u4) ...
#6 11.39 Setting up libpsl5t64:amd64 (0.21.2-1.1+b1) ...
#6 11.41 Setting up liberror-perl (0.17030-1) ...
#6 11.43 Setting up librtmp1:amd64 (2.4+20151223.gitfa8646d.1-2+b5) ...
#6 11.44 Setting up libngtcp2-crypto-gnutls8:amd64 (1.11.0-1+deb13u1) ...
#6 11.46 Setting up libcurl3t64-gnutls:amd64 (8.14.1-2+deb13u5) ...
#6 11.48 Setting up git (1:2.47.3-0+deb13u1) ...
#6 11.51 Processing triggers for libc-bin (2.41-12+deb13u3) ...
#6 DONE 11.7s

#7 [3/5] RUN python -m pip install --no-cache-dir pytest==9.1.1 PyYAML==6.0.3
#7 1.700 Collecting pytest==9.1.1
#7 1.874   Downloading pytest-9.1.1-py3-none-any.whl.metadata (7.6 kB)
#7 1.930 Collecting PyYAML==6.0.3
#7 1.956   Downloading pyyaml-6.0.3-cp312-cp312-manylinux2014_x86_64.manylinux_2_17_x86_64.manylinux_2_28_x86_64.whl.metadata (2.4 kB)
#7 1.987 Collecting iniconfig>=1.0.1 (from pytest==9.1.1)
#7 2.014   Downloading iniconfig-2.3.0-py3-none-any.whl.metadata (2.5 kB)
#7 2.043 Collecting packaging>=22 (from pytest==9.1.1)
#7 2.066   Downloading packaging-26.3-py3-none-any.whl.metadata (3.5 kB)
#7 2.100 Collecting pluggy<2,>=1.5 (from pytest==9.1.1)
#7 2.134   Downloading pluggy-1.6.0-py3-none-any.whl.metadata (4.8 kB)
#7 2.173 Collecting pygments>=2.7.2 (from pytest==9.1.1)
#7 2.203   Downloading pygments-2.21.0-py3-none-any.whl.metadata (2.5 kB)
#7 2.230 Downloading pytest-9.1.1-py3-none-any.whl (386 kB)
#7 2.363 Downloading pyyaml-6.0.3-cp312-cp312-manylinux2014_x86_64.manylinux_2_17_x86_64.manylinux_2_28_x86_64.whl (807 kB)
#7 2.425    ━━━━━━━━━━━━━━━━━━━━━━━━━━━━━━━━━━━━━━━━ 807.9/807.9 kB 12.5 MB/s eta 0:00:00
#7 2.457 Downloading iniconfig-2.3.0-py3-none-any.whl (7.5 kB)
#7 2.483 Downloading packaging-26.3-py3-none-any.whl (129 kB)
#7 2.533 Downloading pluggy-1.6.0-py3-none-any.whl (20 kB)
#7 2.561 Downloading pygments-2.21.0-py3-none-any.whl (1.3 MB)
#7 2.642    ━━━━━━━━━━━━━━━━━━━━━━━━━━━━━━━━━━━━━━━━ 1.3/1.3 MB 15.9 MB/s eta 0:00:00
#7 2.655 Installing collected packages: PyYAML, pygments, pluggy, packaging, iniconfig, pytest
#7 3.306 Successfully installed PyYAML-6.0.3 iniconfig-2.3.0 packaging-26.3 pluggy-1.6.0 pygments-2.21.0 pytest-9.1.1
#7 3.306 WARNING: Running pip as the 'root' user can result in broken permissions and conflicting behaviour with the system package manager, possibly rendering your system unusable. It is recommended to use a virtual environment instead: https://pip.pypa.io/warnings/venv. Use the --root-user-action option if you know what you are doing and want to suppress this warning.
#7 3.445 
#7 3.445 [notice] A new release of pip is available: 25.0.1 -> 26.2.1
#7 3.445 [notice] To update, run: pip install --upgrade pip
#7 DONE 3.5s

#8 [4/5] RUN useradd --uid 1000 --create-home bench && mkdir /testbed /workflow /grade && chown bench:bench /testbed /workflow /grade
#8 DONE 0.5s

#9 [5/5] WORKDIR /testbed
#9 DONE 0.1s

#10 exporting to image
#10 exporting layers
#10 exporting layers 2.6s done
#10 exporting manifest sha256:e47fe9019b6f644a3694fef1f2b4f9e5d018efd72110a1d69e739a3ff45d79d4 0.0s done
#10 exporting config sha256:de1b80c84f57d3252cb16c7763243377ad013ecfa15281306676a7ccc465896b 0.0s done
#10 exporting attestation manifest sha256:81643354265c033fadf6980a3bc2e54bbd3a1d949f96659735b481d80e4165ec 0.0s done
#10 exporting manifest list sha256:adc751293f079d2ed0a459cbeb36e2b746ef8382e23d0b04c1fa282b8cb2a120 0.0s done
#10 naming to docker.io/library/spec-kit-aee-long:20260917 done
#10 unpacking to docker.io/library/spec-kit-aee-long:20260917
#10 unpacking to docker.io/library/spec-kit-aee-long:20260917 1.0s done
#10 DONE 3.7s
